// Jest Snapshot v1, https://goo.gl/fbAQLP

exports[`cardlist expect to render CardList component 1`] = `
<div>
  <Card
    email="john@gmail.com"
    id={1}
    key="1"
    name="John Goerzen"
  />
</div>
`;

exports[`cardlist expect to render CardList component without crashing 1`] = `
<div>
  <div
    className="tc bg-light-red dib br3 pa3 ma2 grow bw2 shadow-5"
  >
    <img
      alt="robot"
      src="https://robohash.org/1?size=200x200"
    />
    <div>
      <h2>
        John Goerzen
      </h2>
      <p>
        john@gmail.com
      </p>
    </div>
  </div>
</div>
`;
